                                      1 ;--------------------------------------------------------
                                      2 ; File Created by SDCC : free open source ANSI-C Compiler
                                      3 ; Version 4.2.0 #13081 (MINGW64)
                                      4 ;--------------------------------------------------------
                                      5 	.module main
                                      6 	.optsdcc -mstm8
                                      7 	
                                      8 ;--------------------------------------------------------
                                      9 ; Public variables in this module
                                     10 ;--------------------------------------------------------
                                     11 	.globl __vect
                                     12 	.globl __version
                                     13 	.globl _main
                                     14 	.globl _UART1_RcvB
                                     15 	.globl _reserved_interrupt29
                                     16 	.globl _funcopy
                                     17 	.globl _tryCnt
                                     18 	.globl _buf
                                     19 	.globl _fun_buf
                                     20 	.globl _addr
                                     21 	.globl _verify
                                     22 	.globl _page
                                     23 	.globl _ch
                                     24 ;--------------------------------------------------------
                                     25 ; ram data
                                     26 ;--------------------------------------------------------
                                     27 	.area DATA
      000000                         28 _ch::
      000000                         29 	.ds 1
      000001                         30 _page::
      000001                         31 	.ds 1
      000002                         32 _verify::
      000002                         33 	.ds 1
      000003                         34 _addr::
      000003                         35 	.ds 2
      000005                         36 _fun_buf::
      000005                         37 	.ds 256
      000105                         38 _buf::
      000105                         39 	.ds 128
                                     40 ;--------------------------------------------------------
                                     41 ; ram data
                                     42 ;--------------------------------------------------------
                                     43 	.area INITIALIZED
      000000                         44 _tryCnt::
      000000                         45 	.ds 2
                                     46 ;--------------------------------------------------------
                                     47 ; Stack segment in internal ram
                                     48 ;--------------------------------------------------------
                                     49 	.area	SSEG
      000000                         50 __start__stack:
      000000                         51 	.ds	1
                                     52 
                                     53 ;--------------------------------------------------------
                                     54 ; absolute external ram data
                                     55 ;--------------------------------------------------------
                                     56 	.area DABS (ABS)
                                     57 
                                     58 ; default segment ordering for linker
                                     59 	.area HOME
                                     60 	.area GSINIT
                                     61 	.area GSFINAL
                                     62 	.area CONST
                                     63 	.area INITIALIZER
                                     64 	.area CODE
                                     65 
                                     66 ;--------------------------------------------------------
                                     67 ; interrupt vector
                                     68 ;--------------------------------------------------------
                                     69 	.area HOME
      000000                         70 __interrupt_vect:
      000000 82v00u00u00             71 	int s_GSINIT ; reset
      000004 82 00 00 00             72 	int 0x000000 ; trap
      000008 82 00 00 00             73 	int 0x000000 ; int0
      00000C 82 00 00 00             74 	int 0x000000 ; int1
      000010 82 00 00 00             75 	int 0x000000 ; int2
      000014 82 00 00 00             76 	int 0x000000 ; int3
      000018 82 00 00 00             77 	int 0x000000 ; int4
      00001C 82 00 00 00             78 	int 0x000000 ; int5
      000020 82 00 00 00             79 	int 0x000000 ; int6
      000024 82 00 00 00             80 	int 0x000000 ; int7
      000028 82 00 00 00             81 	int 0x000000 ; int8
      00002C 82 00 00 00             82 	int 0x000000 ; int9
      000030 82 00 00 00             83 	int 0x000000 ; int10
      000034 82 00 00 00             84 	int 0x000000 ; int11
      000038 82 00 00 00             85 	int 0x000000 ; int12
      00003C 82 00 00 00             86 	int 0x000000 ; int13
      000040 82 00 00 00             87 	int 0x000000 ; int14
      000044 82 00 00 00             88 	int 0x000000 ; int15
      000048 82 00 00 00             89 	int 0x000000 ; int16
      00004C 82 00 00 00             90 	int 0x000000 ; int17
      000050 82 00 00 00             91 	int 0x000000 ; int18
      000054 82 00 00 00             92 	int 0x000000 ; int19
      000058 82 00 00 00             93 	int 0x000000 ; int20
      00005C 82 00 00 00             94 	int 0x000000 ; int21
      000060 82 00 00 00             95 	int 0x000000 ; int22
      000064 82 00 00 00             96 	int 0x000000 ; int23
      000068 82 00 00 00             97 	int 0x000000 ; int24
      00006C 82 00 00 00             98 	int 0x000000 ; int25
      000070 82 00 00 00             99 	int 0x000000 ; int26
      000074 82 00 00 00            100 	int 0x000000 ; int27
      000078 82 00 00 00            101 	int 0x000000 ; int28
      00007C 82v00u00u00            102 	int _reserved_interrupt29 ; int29
                                    103 ;--------------------------------------------------------
                                    104 ; global & static initialisations
                                    105 ;--------------------------------------------------------
                                    106 	.area HOME
                                    107 	.area GSINIT
                                    108 	.area GSFINAL
                                    109 	.area GSINIT
      000000                        110 __sdcc_init_data:
                                    111 ; stm8_genXINIT() start
      000000 AEr00r00         [ 2]  112 	ldw x, #l_DATA
      000003 27 07            [ 1]  113 	jreq	00002$
      000005                        114 00001$:
      000005 72 4FuFFuFF      [ 1]  115 	clr (s_DATA - 1, x)
      000009 5A               [ 2]  116 	decw x
      00000A 26 F9            [ 1]  117 	jrne	00001$
      00000C                        118 00002$:
      00000C AEr00r00         [ 2]  119 	ldw	x, #l_INITIALIZER
      00000F 27 09            [ 1]  120 	jreq	00004$
      000011                        121 00003$:
      000011 D6uFFuFF         [ 1]  122 	ld	a, (s_INITIALIZER - 1, x)
      000014 D7uFFuFF         [ 1]  123 	ld	(s_INITIALIZED - 1, x), a
      000017 5A               [ 2]  124 	decw	x
      000018 26 F7            [ 1]  125 	jrne	00003$
      00001A                        126 00004$:
                                    127 ; stm8_genXINIT() end
                                    128 	.area GSFINAL
      000000 CCr00r80         [ 2]  129 	jp	__sdcc_program_startup
                                    130 ;--------------------------------------------------------
                                    131 ; Home
                                    132 ;--------------------------------------------------------
                                    133 	.area HOME
                                    134 	.area HOME
      000080                        135 __sdcc_program_startup:
      000080 CCr00r0A         [ 2]  136 	jp	_main
                                    137 ;	return from main will return to caller
                                    138 ;--------------------------------------------------------
                                    139 ; code
                                    140 ;--------------------------------------------------------
                                    141 	.area CODE
                                    142 ;	src/main.c: 41: void reserved_interrupt29(void) __interrupt(29){}
                                    143 ;	-----------------------------------------
                                    144 ;	 function reserved_interrupt29
                                    145 ;	-----------------------------------------
      000000                        146 _reserved_interrupt29:
      000000 80               [11]  147 	iret
                                    148 ;	src/main.c: 66: u8 UART1_RcvB(void)
                                    149 ;	-----------------------------------------
                                    150 ;	 function UART1_RcvB
                                    151 ;	-----------------------------------------
      000001                        152 _UART1_RcvB:
                                    153 ;	src/main.c: 68: while(!(USART1->SR & (u8)USART_FLAG_RXNE));
      000001                        154 00101$:
      000001 72 0B 52 30 FB   [ 2]  155 	btjf	0x5230, #5, 00101$
                                    156 ;	src/main.c: 69: return ((uint8_t)USART1->DR);
      000006 C6 52 31         [ 1]  157 	ld	a, 0x5231
                                    158 ;	src/main.c: 70: }
      000009 81               [ 4]  159 	ret
                                    160 ;	src/main.c: 77: void main(void)
                                    161 ;	-----------------------------------------
                                    162 ;	 function main
                                    163 ;	-----------------------------------------
      00000A                        164 _main:
      00000A 52 02            [ 2]  165 	sub	sp, #2
                                    166 ;	src/main.c: 80: CLK->CKDIVR = (uint8_t)(CLK_SYSCLKDiv_1);
      00000C 35 00 50 C0      [ 1]  167 	mov	0x50c0+0, #0x00
                                    168 ;	src/main.c: 87: CLK->PCKENR1 = 1 << 5;
      000010 35 20 50 C3      [ 1]  169 	mov	0x50c3+0, #0x20
                                    170 ;	src/main.c: 88: USART1->CR1 = 0x00;
      000014 35 00 52 34      [ 1]  171 	mov	0x5234+0, #0x00
                                    172 ;	src/main.c: 89: USART1->CR3 = 0x00;
      000018 35 00 52 36      [ 1]  173 	mov	0x5236+0, #0x00
                                    174 ;	src/main.c: 91: USART1->BRR2 = 0x0B;
      00001C 35 0B 52 33      [ 1]  175 	mov	0x5233+0, #0x0b
                                    176 ;	src/main.c: 92: USART1->BRR1 = 0x08;
      000020 35 08 52 32      [ 1]  177 	mov	0x5232+0, #0x08
                                    178 ;	src/main.c: 94: USART1->CR2 = 0x0C;
      000024 35 0C 52 35      [ 1]  179 	mov	0x5235+0, #0x0c
                                    180 ;	src/main.c: 96: while(i)
      000028 A6 0A            [ 1]  181 	ld	a, #0x0a
      00002A 6B 02            [ 1]  182 	ld	(0x02, sp), a
      00002C                        183 00107$:
      00002C 0D 02            [ 1]  184 	tnz	(0x02, sp)
      00002E 27 20            [ 1]  185 	jreq	00109$
                                    186 ;	src/main.c: 98: if(USART1->SR & (u8)USART_FLAG_RXNE)    //wait for head 
      000030 C6 52 30         [ 1]  187 	ld	a, 0x5230
      000033 A5 20            [ 1]  188 	bcp	a, #0x20
      000035 27 0C            [ 1]  189 	jreq	00104$
                                    190 ;	src/main.c: 100: ch = (uint8_t)USART1->DR;
      000037 55 52 31u00u00   [ 1]  191 	mov	_ch+0, 0x5231
                                    192 ;	src/main.c: 101: if(ch == BOOT_HEAD) break;
      00003C C6u00u00         [ 1]  193 	ld	a, _ch+0
      00003F A1 A5            [ 1]  194 	cp	a, #0xa5
      000041 27 0D            [ 1]  195 	jreq	00109$
      000043                        196 00104$:
                                    197 ;	src/main.c: 103: tryCnt--;
      000043 CEu00u00         [ 2]  198 	ldw	x, _tryCnt+0
      000046 5A               [ 2]  199 	decw	x
                                    200 ;	src/main.c: 104: if(tryCnt == 0) i--;
      000047 CFu00u00         [ 2]  201 	ldw	_tryCnt+0, x
      00004A 26 E0            [ 1]  202 	jrne	00107$
      00004C 0A 02            [ 1]  203 	dec	(0x02, sp)
      00004E 20 DC            [ 2]  204 	jra	00107$
      000050                        205 00109$:
                                    206 ;	src/main.c: 107: if(i == 0)
      000050 0D 02            [ 1]  207 	tnz	(0x02, sp)
      000052 26 06            [ 1]  208 	jrne	00124$
                                    209 ;	src/main.c: 109: __asm__("JP 0x8200");
      000054 CC 82 00         [ 2]  210 	JP	0x8200
      000057 CCr01r10         [ 2]  211 	jp	00130$
      00005A                        212 00124$:
                                    213 ;	src/main.c: 113: funcopy(fun_buf);       //复制函数到RAM
      00005A AEr00r05         [ 2]  214 	ldw	x, #(_fun_buf+0)
      00005D CDr00r00         [ 4]  215 	call	_funcopy
                                    216 ;	src/main.c: 114: FLASH->PUKR = 0x56;
      000060 35 56 50 52      [ 1]  217 	mov	0x5052+0, #0x56
                                    218 ;	src/main.c: 115: FLASH->PUKR = 0xAE;
      000064 35 AE 50 52      [ 1]  219 	mov	0x5052+0, #0xae
                                    220 ;	src/main.c: 116: USART1->DR = (0xa0|INIT_PAGE);
      000068 35 A4 52 31      [ 1]  221 	mov	0x5231+0, #0xa4
                                    222 ;	src/main.c: 117: while(1)
      00006C                        223 00121$:
                                    224 ;	src/main.c: 119: ch = UART1_RcvB();
      00006C CDr00r01         [ 4]  225 	call	_UART1_RcvB
                                    226 ;	src/main.c: 120: switch(ch)
      00006F C7u00u00         [ 1]  227 	ld	_ch+0, a
      000072 A1 A7            [ 1]  228 	cp	a, #0xa7
      000074 27 17            [ 1]  229 	jreq	00111$
      000076 C6u00u00         [ 1]  230 	ld	a, _ch+0
      000079 A1 A9            [ 1]  231 	cp	a, #0xa9
      00007B 27 03            [ 1]  232 	jreq	00217$
      00007D CCr01r09         [ 2]  233 	jp	00118$
      000080                        234 00217$:
                                    235 ;	src/main.c: 123: FLASH->IAPSR &= 0xfd;
      000080 C6 50 54         [ 1]  236 	ld	a, 0x5054
      000083 A4 FD            [ 1]  237 	and	a, #0xfd
      000085 C7 50 54         [ 1]  238 	ld	0x5054, a
                                    239 ;	src/main.c: 124: __asm__("JP 0x8200");
      000088 CC 82 00         [ 2]  240 	JP	0x8200
                                    241 ;	src/main.c: 125: break;
      00008B 20 DF            [ 2]  242 	jra	00121$
                                    243 ;	src/main.c: 126: case BOOT_WRITE:
      00008D                        244 00111$:
                                    245 ;	src/main.c: 127: page = UART1_RcvB();
      00008D CDr00r01         [ 4]  246 	call	_UART1_RcvB
      000090 C7u00u01         [ 1]  247 	ld	_page+0, a
                                    248 ;	src/main.c: 128: addr = (u8*)(FLASH_START + (page << BLOCK_SHIFT));
      000093 5F               [ 1]  249 	clrw	x
      000094 C6u00u01         [ 1]  250 	ld	a, _page+0
      000097 97               [ 1]  251 	ld	xl, a
      000098 58               [ 2]  252 	sllw	x
      000099 58               [ 2]  253 	sllw	x
      00009A 58               [ 2]  254 	sllw	x
      00009B 58               [ 2]  255 	sllw	x
      00009C 58               [ 2]  256 	sllw	x
      00009D 58               [ 2]  257 	sllw	x
      00009E 58               [ 2]  258 	sllw	x
      00009F 1C 80 00         [ 2]  259 	addw	x, #0x8000
      0000A2 CFu00u03         [ 2]  260 	ldw	_addr+0, x
                                    261 ;	src/main.c: 129: verify = 0;
      0000A5 72 5Fu00u02      [ 1]  262 	clr	_verify+0
                                    263 ;	src/main.c: 130: for(i = 0; i < BLOCK_BYTES; i++)   
      0000A9 0F 02            [ 1]  264 	clr	(0x02, sp)
      0000AB                        265 00126$:
                                    266 ;	src/main.c: 132: buf[i] = UART1_RcvB();
      0000AB 5F               [ 1]  267 	clrw	x
      0000AC 7B 02            [ 1]  268 	ld	a, (0x02, sp)
      0000AE 97               [ 1]  269 	ld	xl, a
      0000AF 1Cr01r05         [ 2]  270 	addw	x, #(_buf+0)
      0000B2 89               [ 2]  271 	pushw	x
      0000B3 CDr00r01         [ 4]  272 	call	_UART1_RcvB
      0000B6 85               [ 2]  273 	popw	x
      0000B7 F7               [ 1]  274 	ld	(x), a
                                    275 ;	src/main.c: 133: verify += buf[i];
      0000B8 CBu00u02         [ 1]  276 	add	a, _verify+0
      0000BB C7u00u02         [ 1]  277 	ld	_verify+0, a
                                    278 ;	src/main.c: 130: for(i = 0; i < BLOCK_BYTES; i++)   
      0000BE 0C 02            [ 1]  279 	inc	(0x02, sp)
      0000C0 7B 02            [ 1]  280 	ld	a, (0x02, sp)
      0000C2 A1 80            [ 1]  281 	cp	a, #0x80
      0000C4 25 E5            [ 1]  282 	jrc	00126$
                                    283 ;	src/main.c: 135: if(verify == UART1_RcvB())  //通信校验成功
      0000C6 CDr00r01         [ 4]  284 	call	_UART1_RcvB
      0000C9 C1u00u02         [ 1]  285 	cp	a, _verify+0
      0000CC 26 3B            [ 1]  286 	jrne	00118$
                                    287 ;	src/main.c: 137: (*(flash_write)fun_buf)(buf, addr);   //运行RAM中的写flash函数
      0000CE 90 AEr00r05      [ 2]  288 	ldw	y, #(_fun_buf+0)
      0000D2 3Bu00u04         [ 1]  289 	push	_addr+1
      0000D5 3Bu00u03         [ 1]  290 	push	_addr+0
      0000D8 AEr01r05         [ 2]  291 	ldw	x, #(_buf+0)
      0000DB 90 FD            [ 4]  292 	call	(y)
                                    293 ;	src/main.c: 139: for(i = 0; i < BLOCK_BYTES; i++)   
      0000DD 0F 02            [ 1]  294 	clr	(0x02, sp)
      0000DF                        295 00128$:
                                    296 ;	src/main.c: 141: verify -= *addr++;
      0000DF CEu00u03         [ 2]  297 	ldw	x, _addr+0
      0000E2 F6               [ 1]  298 	ld	a, (x)
      0000E3 6B 01            [ 1]  299 	ld	(0x01, sp), a
      0000E5 CEu00u03         [ 2]  300 	ldw	x, _addr+0
      0000E8 5C               [ 1]  301 	incw	x
      0000E9 CFu00u03         [ 2]  302 	ldw	_addr+0, x
      0000EC C6u00u02         [ 1]  303 	ld	a, _verify+0
      0000EF 10 01            [ 1]  304 	sub	a, (0x01, sp)
      0000F1 C7u00u02         [ 1]  305 	ld	_verify+0, a
                                    306 ;	src/main.c: 139: for(i = 0; i < BLOCK_BYTES; i++)   
      0000F4 0C 02            [ 1]  307 	inc	(0x02, sp)
      0000F6 7B 02            [ 1]  308 	ld	a, (0x02, sp)
      0000F8 A1 80            [ 1]  309 	cp	a, #0x80
      0000FA 25 E3            [ 1]  310 	jrc	00128$
                                    311 ;	src/main.c: 143: if(verify == 0)  //写入校验成功
      0000FC 72 5Du00u02      [ 1]  312 	tnz	_verify+0
      000100 26 07            [ 1]  313 	jrne	00118$
                                    314 ;	src/main.c: 145: USART1->DR = (BOOT_OK);
      000102 35 A0 52 31      [ 1]  315 	mov	0x5231+0, #0xa0
                                    316 ;	src/main.c: 146: break;
      000106 CCr00r6C         [ 2]  317 	jp	00121$
                                    318 ;	src/main.c: 150: default: //上面校验失败的情况也会到这里来
      000109                        319 00118$:
                                    320 ;	src/main.c: 151: USART1->DR = (BOOT_ERR);
      000109 35 A1 52 31      [ 1]  321 	mov	0x5231+0, #0xa1
                                    322 ;	src/main.c: 153: }
      00010D CCr00r6C         [ 2]  323 	jp	00121$
      000110                        324 00130$:
                                    325 ;	src/main.c: 156: }
      000110 5B 02            [ 2]  326 	addw	sp, #2
      000112 81               [ 4]  327 	ret
                                    328 	.area CODE
                                    329 	.area CONST
                                    330 	.area INITIALIZER
      000000                        331 __xinit__tryCnt:
      000000 FF FF                  332 	.dw #0xffff
                                    333 	.area CABS (ABS)
      0081FA                        334 	.org 0x81FA
      0081FA                        335 __version:
      0081FA 56 30 2E 30 31         336 	.ascii "V0.01"
      0081FF 00                     337 	.db 0x00
      008200 00                     338 	.db 0x00
      008004                        339 	.org 0x8004
      008004                        340 __vect:
      008004 82 00 82 04            341 	.byte #0x82, #0x00, #0x82, #0x04	; 2181071364
      008008 82 00 80 00            342 	.byte #0x82, #0x00, #0x80, #0x00	; 2181070848
      00800C 82 00 82 0C            343 	.byte #0x82, #0x00, #0x82, #0x0c	; 2181071372
      008010 82 00 82 10            344 	.byte #0x82, #0x00, #0x82, #0x10	; 2181071376
      008014 82 00 82 14            345 	.byte #0x82, #0x00, #0x82, #0x14	; 2181071380
      008018 82 00 82 18            346 	.byte #0x82, #0x00, #0x82, #0x18	; 2181071384
      00801C 82 00 82 1C            347 	.byte #0x82, #0x00, #0x82, #0x1c	; 2181071388
      008020 82 00 82 20            348 	.byte #0x82, #0x00, #0x82, #0x20	; 2181071392
      008024 82 00 82 24            349 	.byte #0x82, #0x00, #0x82, #0x24	; 2181071396
      008028 82 00 82 28            350 	.byte #0x82, #0x00, #0x82, #0x28	; 2181071400
      00802C 82 00 82 2C            351 	.byte #0x82, #0x00, #0x82, #0x2c	; 2181071404
      008030 82 00 82 30            352 	.byte #0x82, #0x00, #0x82, #0x30	; 2181071408
      008034 82 00 82 34            353 	.byte #0x82, #0x00, #0x82, #0x34	; 2181071412
      008038 82 00 82 38            354 	.byte #0x82, #0x00, #0x82, #0x38	; 2181071416
      00803C 82 00 82 3C            355 	.byte #0x82, #0x00, #0x82, #0x3c	; 2181071420
      008040 82 00 82 40            356 	.byte #0x82, #0x00, #0x82, #0x40	; 2181071424
      008044 82 00 82 44            357 	.byte #0x82, #0x00, #0x82, #0x44	; 2181071428
      008048 82 00 82 48            358 	.byte #0x82, #0x00, #0x82, #0x48	; 2181071432
      00804C 82 00 82 4C            359 	.byte #0x82, #0x00, #0x82, #0x4c	; 2181071436
      008050 82 00 82 50            360 	.byte #0x82, #0x00, #0x82, #0x50	; 2181071440
      008054 82 00 82 54            361 	.byte #0x82, #0x00, #0x82, #0x54	; 2181071444
      008058 82 00 82 58            362 	.byte #0x82, #0x00, #0x82, #0x58	; 2181071448
      00805C 82 00 82 5C            363 	.byte #0x82, #0x00, #0x82, #0x5c	; 2181071452
      008060 82 00 82 60            364 	.byte #0x82, #0x00, #0x82, #0x60	; 2181071456
      008064 82 00 82 64            365 	.byte #0x82, #0x00, #0x82, #0x64	; 2181071460
      008068 82 00 82 68            366 	.byte #0x82, #0x00, #0x82, #0x68	; 2181071464
      00806C 82 00 82 6C            367 	.byte #0x82, #0x00, #0x82, #0x6c	; 2181071468
      008070 82 00 82 70            368 	.byte #0x82, #0x00, #0x82, #0x70	; 2181071472
      008074 82 00 82 74            369 	.byte #0x82, #0x00, #0x82, #0x74	; 2181071476
      008078 82 00 82 78            370 	.byte #0x82, #0x00, #0x82, #0x78	; 2181071480
      00807C 82 00 82 7C            371 	.byte #0x82, #0x00, #0x82, #0x7c	; 2181071484
